// Jest Snapshot v1, https://goo.gl/fbAQLP

exports[`<SignInScreen /> renders correctly 1`] = `
<View
  style={
    Object {
      "alignItems": "center",
      "backgroundColor": "#36383F",
      "flex": 1,
      "justifyContent": "center",
    }
  }
>
  <View
    style={
      Object {
        "alignItems": "center",
        "flexDirection": "column",
        "height": 800.5,
        "justifyContent": "center",
        "width": 562.5,
      }
    }
  >
    <Text
      style={
        Object {
          "color": "#ff9baf",
          "fontFamily": "Yantramanav_300Light",
          "fontSize": 45,
          "marginBottom": 93.5,
        }
      }
    >
      NICOTIANA
    </Text>
    <View
      style={
        Object {
          "height": 36,
          "marginTop": 20,
          "width": 525,
        }
      }
    >
      <TextInput
        allowFontScaling={true}
        autoCapitalize="words"
        autoCompleteType="email"
        keyboardType="email-address"
        onChangeText={[Function]}
        placeholder="Email"
        placeholderTextColor="#acacad"
        rejectResponderTermination={true}
        style={
          Object {
            "backgroundColor": "#43454B",
            "borderColor": "#43454B",
            "borderRadius": 12,
            "borderWidth": 1,
            "color": "#ff9baf",
            "fontSize": 16,
            "height": 45,
            "paddingStart": 20,
          }
        }
        underlineColorAndroid="transparent"
      />
    </View>
    <View
      style={
        Object {
          "height": 36,
          "marginTop": 20,
          "width": 525,
        }
      }
    >
      <TextInput
        allowFontScaling={true}
        autoCapitalize="words"
        onChangeText={[Function]}
        placeholder="Password"
        placeholderTextColor="#acacad"
        rejectResponderTermination={true}
        returnKeyType="done"
        secureTextEntry={true}
        style={
          Object {
            "backgroundColor": "#43454B",
            "borderColor": "#43454B",
            "borderRadius": 12,
            "borderWidth": 1,
            "color": "#ff9baf",
            "fontSize": 16,
            "height": 45,
            "paddingStart": 20,
          }
        }
        underlineColorAndroid="transparent"
      />
    </View>
    <View
      accessible={true}
      focusable={false}
      onClick={[Function]}
      onResponderGrant={[Function]}
      onResponderMove={[Function]}
      onResponderRelease={[Function]}
      onResponderTerminate={[Function]}
      onResponderTerminationRequest={[Function]}
      onStartShouldSetResponder={[Function]}
      style={
        Object {
          "backgroundColor": "transparent",
          "height": 45,
          "marginTop": 66.5,
          "opacity": 1,
          "width": 525,
          "zIndex": 10,
        }
      }
      testID="aws-btn-content-view"
    >
      <View
        style={
          Object {
            "backgroundColor": "rgba(0, 0, 0, 0.15)",
            "borderBottomLeftRadius": null,
            "borderBottomRightRadius": null,
            "borderRadius": 20,
            "borderTopLeftRadius": null,
            "borderTopRightRadius": null,
            "bottom": -1.5,
            "height": 42,
            "left": "1%",
            "position": "absolute",
            "transform": Array [
              Object {
                "translateY": 0,
              },
            ],
            "width": "98%",
          }
        }
        testID="aws-btn-shadow"
      />
      <View
        style={
          Array [
            Object {
              "bottom": 0,
              "left": 0,
              "position": "absolute",
            },
            Object {
              "backgroundColor": "#6e4555",
              "borderBottomLeftRadius": null,
              "borderBottomRightRadius": null,
              "borderRadius": 20,
              "borderTopLeftRadius": null,
              "borderTopRightRadius": null,
              "height": 42,
              "width": 525,
            },
          ]
        }
        testID="aws-btn-bottom"
      />
      <View
        style={
          Object {
            "borderBottomLeftRadius": null,
            "borderBottomRightRadius": null,
            "borderRadius": 20,
            "borderTopLeftRadius": null,
            "borderTopRightRadius": null,
            "height": 42,
            "left": 0,
            "position": "absolute",
            "top": 0,
            "transform": Array [
              Object {
                "translateY": 0,
              },
            ],
            "width": 525,
          }
        }
        testID="aws-btn-content"
      >
        <View
          onLayout={[Function]}
          style={
            Array [
              Object {
                "alignItems": "center",
                "flex": 1,
                "justifyContent": "center",
                "overflow": "hidden",
                "zIndex": 3,
              },
              Object {
                "backgroundColor": "#ff9baf",
                "borderBottomLeftRadius": null,
                "borderBottomRightRadius": null,
                "borderColor": null,
                "borderRadius": 20,
                "borderTopLeftRadius": null,
                "borderTopRightRadius": null,
                "borderWidth": 0,
              },
            ]
          }
          testID="aws-btn-text"
        >
          <View
            style={
              Object {
                "backgroundColor": "rgba(0, 0, 0, 0.15)",
                "height": 42,
                "left": 0,
                "opacity": 0,
                "position": "absolute",
                "top": 0,
                "width": 525,
              }
            }
            testID="aws-btn-active-background"
          />
          <Text
            style={
              Object {
                "color": "#f1f1f1",
                "fontFamily": null,
                "fontSize": 16,
                "fontWeight": "bold",
                "opacity": 1,
                "paddingBottom": 0,
                "paddingHorizontal": 12,
                "paddingTop": 0,
                "textAlign": "center",
                "transform": Array [
                  Object {
                    "scale": 1,
                  },
                ],
                "width": "100%",
                "zIndex": 10,
              }
            }
            testID="aws-btn-content-text"
          >
            Log in
          </Text>
        </View>
      </View>
    </View>
  </View>
  <View
    pointerEvents="none"
    style={
      Object {
        "alignSelf": "flex-end",
        "bottom": 0,
        "position": "absolute",
        "zIndex": -1,
      }
    }
  >
    <Image
      blurRadius={5}
      resizeMode="contain"
      source={1}
      style={
        Object {
          "alignSelf": "flex-end",
          "height": 366,
          "width": 200,
        }
      }
    />
  </View>
</View>
`;
